// Jest Snapshot v1, https://goo.gl/fbAQLP

exports[`store actions 1`] = `
Object {
  "firebase": Object {
    "auth": false,
  },
}
`;
